cal with abs(2 - 3)
cal with abs(2 - 3)
